{-# LANGUAGE EnableExtension ForeignFunctionInterface #-}
{-# LANGUAGE EnableExtension UnliftedFFITypes #-}
{-# LANGUAGE EnableExtension GADTs #-}
{-# LANGUAGE EnableExtension ImplicitParams #-}
{-# LANGUAGE EnableExtension ScopedTypeVariables #-}
{-# LANGUAGE EnableExtension UnboxedTuples #-}
{-# LANGUAGE EnableExtension TypeSynonymInstances #-}
{-# LANGUAGE EnableExtension StandaloneDeriving #-}
{-# LANGUAGE EnableExtension DeriveDataTypeable #-}
{-# LANGUAGE EnableExtension FlexibleContexts #-}
{-# LANGUAGE EnableExtension FlexibleInstances #-}
{-# LANGUAGE EnableExtension ConstrainedClassMethods #-}
{-# LANGUAGE EnableExtension MultiParamTypeClasses #-}
{-# LANGUAGE EnableExtension FunctionalDependencies #-}
{-# LANGUAGE EnableExtension MagicHash #-}
{-# LANGUAGE EnableExtension PolymorphicComponents #-}
{-# LANGUAGE EnableExtension ExistentialQuantification #-}
{-# LANGUAGE EnableExtension UnicodeSyntax #-}
{-# LANGUAGE EnableExtension PostfixOperators #-}
{-# LANGUAGE EnableExtension PatternGuards #-}
{-# LANGUAGE EnableExtension LiberalTypeSynonyms #-}
{-# LANGUAGE EnableExtension RankNTypes #-}
{-# LANGUAGE EnableExtension ImpredicativeTypes #-}
{-# LANGUAGE EnableExtension TypeOperators #-}
{-# LANGUAGE EnableExtension RecursiveDo #-}
{-# LANGUAGE EnableExtension ParallelListComp #-}
{-# LANGUAGE EnableExtension EmptyDataDecls #-}
{-# LANGUAGE EnableExtension KindSignatures #-}
{-# LANGUAGE EnableExtension GeneralizedNewtypeDeriving #-}
{-# LANGUAGE EnableExtension TypeFamilies #-}
