{-# LANGUAGE ConstrainedClassMethods #-}
{-# LANGUAGE DeriveDataTypeable #-}
{-# LANGUAGE DeriveFoldable #-}
{-# LANGUAGE DeriveFunctor #-}
{-# LANGUAGE DeriveGeneric #-}
{-# LANGUAGE DeriveTraversable #-}
{-# LANGUAGE EmptyDataDecls #-}
{-# LANGUAGE ExistentialQuantification #-}
{-# LANGUAGE ExplicitNamespaces #-}
{-# LANGUAGE FlexibleContexts #-}
{-# LANGUAGE FlexibleInstances #-}
{-# LANGUAGE ForeignFunctionInterface #-}
{-# LANGUAGE FunctionalDependencies #-}
{-# LANGUAGE GeneralizedNewtypeDeriving #-}
{-# LANGUAGE ImplicitParams #-}
{-# LANGUAGE KindSignatures #-}
{-# LANGUAGE LiberalTypeSynonyms #-}
{-# LANGUAGE MagicHash #-}
{-# LANGUAGE MultiParamTypeClasses #-}
{-# LANGUAGE ParallelListComp #-}
{-# LANGUAGE PatternGuards #-}
{-# LANGUAGE PostfixOperators #-}
{-# LANGUAGE RankNTypes #-}
{-# LANGUAGE RecursiveDo #-}
{-# LANGUAGE ScopedTypeVariables #-}
{-# LANGUAGE StandaloneDeriving #-}
{-# LANGUAGE TypeOperators #-}
{-# LANGUAGE TypeSynonymInstances #-}
{-# LANGUAGE UnboxedTuples #-}
{-# LANGUAGE UnicodeSyntax #-}
{-# LANGUAGE UnliftedFFITypes #-}
